Error: Quotation validation failed: customerId: Path `customerId` is required.
    at ValidationError.inspect (C:\Users\Admin\Desktop\Dealflow360-Finale\server\node_modules\mongoose\lib\error\validation.js:52:26)
    at formatValue (node:internal/util/inspect:897:19)
    at inspect (node:internal/util/inspect:409:10)
    at formatWithOptionsInternal (node:internal/util/inspect:2645:40)
    at formatWithOptions (node:internal/util/inspect:2507:10)
    at console.value (node:internal/console/constructor:377:14)
    at console.error (node:internal/console/constructor:444:61)
    at C:\Users\Admin\Desktop\Dealflow360-Finale\server\src\index.js:40:11
    at newFn (C:\Users\Admin\Desktop\Dealflow360-Finale\server\node_modules\express-async-errors\index.js:16:20)
    at Layer.handle_error (C:\Users\Admin\Desktop\Dealflow360-Finale\server\node_modules\express\lib\router\layer.js:71:5) {
  errors: {
    customerId: ValidatorError: Path `customerId` is required.
        at validate (C:\Users\Admin\Desktop\Dealflow360-Finale\server\node_modules\mongoose\lib\schemaType.js:1440:13)
        at SchemaType.doValidate (C:\Users\Admin\Desktop\Dealflow360-Finale\server\node_modules\mongoose\lib\schemaType.js:1424:7)
        at C:\Users\Admin\Desktop\Dealflow360-Finale\server\node_modules\mongoose\lib\document.js:3140:18
        at process.processTicksAndRejections (node:internal/process/task_queues:85:11) {
      properties: [Object],
      kind: 'required',
      path: 'customerId',
      value: undefined,
      reason: undefined,
      Symbol(mongoose#validatorError): true
    }
  },
  _message: 'Quotation validation failed'
}
